Original: | Wikipedia | [Link](https://de.wikipedia.org/wiki/Oracle_(Datenbank)) |
DEBUG: Found url_start=21, i=70, paren_count=0
DEBUG: Found URL='https://de.wikipedia.org/wiki/Oracle_(Datenbank)'
Fixed:    | Wikipedia | [de.wikipedia.org/wiki/Oracle_(Datenbank)](https://de.wikipedia.org/wiki/Oracle_(Datenbank)) |
